=== Testing AI Logic ===
node.exe : [FAIL] 
Calculates free 
slots correctly 
(Morning gap)
At line:1 char:1
+ & "C:\nvm\v20.10.0
\node.exe/node.exe" 
"C:\nvm\v20.10.0\nod
e.exe/node_ ...
+ ~~~~~~~~~~~~~~~~~~
~~~~~~~~~~~~~~~~~~~~
~~~~~~~~~~~~~~~~~~~~
~~~~~~~~~~~
    + CategoryInfo  
            : NotS  
  pecified: ([FAI   
 L] Calculat...y    
 (Morning gap):    
String) [], Rem    
oteException
    + FullyQualifie 
   dErrorId : Nati  
  veCommandError
 
[FAIL] Calculates 
free slots 
correctly 
(Afternoon block)
[PASS] Prompt includes correct date
[PASS] Prompt includes correct score
[PASS] Prompt includes correct task list
[PASS] Parsed 2 actions from response
[PASS] Parsed Action 1 Title
[PASS] Parsed Action 2 Title

Passed 6/8
